1,null,null
2,88,99
3,{"x":"@"},{"y": {"z": [5]}}
4,\N,\N
