1,2019-01-01,03:34:56,2019-12-31 14:59:59
2,\N,\N,\N
